{"time":"2026-07-29T22:16:44.431Z","pair":"WETH→SPCX (openocean)→WETH (openocean)","tokenIn":"WETH","amountIn":"0.004947567058456487","profit":"0","profitPct":0.35,"status":"failed","error":"The method \"eth_getTransactionCount\" does not exist / is not available.","route":"openocean"}
{"time":"2026-08-01T09:08:27.061Z","pair":"USDG→VEX (openocean)→USDG (openocean)","tokenIn":"USDG","amountIn":"7.699007","profit":"0","profitPct":0.78,"status":"failed","error":"The method \"eth_getTransactionCount\" does not exist / is not available.","route":"openocean"}
{"time":"2026-08-01T09:12:45.215Z","pair":"USDG→VEX (openocean)→USDG (openocean)","tokenIn":"USDG","amountIn":"7.699007","profit":"0","profitPct":0.38,"status":"failed","error":"The method \"eth_getTransactionCount\" does not exist / is not available.","route":"openocean"}
{"time":"2026-08-01T09:15:26.750Z","pair":"USDG→VEX (openocean)→USDG (openocean)","tokenIn":"USDG","amountIn":"7.699007","profit":"0","profitPct":0.41,"status":"failed","error":"The method \"eth_getTransactionCount\" does not exist / is not available.","route":"openocean"}
{"time":"2026-08-01T09:17:04.896Z","pair":"USDG→VEX (openocean)→USDG (openocean)","tokenIn":"USDG","amountIn":"7.699007","profit":"0","profitPct":0.32,"status":"failed","error":"The method \"eth_getTransactionCount\" does not exist / is not available.","route":"openocean"}
{"time":"2026-08-01T09:19:22.727Z","pair":"USDG→VEX (openocean)→USDG (openocean)","tokenIn":"USDG","amountIn":"7.699007","profit":"0","profitPct":0.43,"status":"failed","error":"The method \"eth_getTransactionCount\" does not exist / is not available.","route":"openocean"}
{"time":"2026-08-01T09:23:31.248Z","pair":"USDG→PONS (openocean)→USDG (openocean)","tokenIn":"USDG","amountIn":"7.699007","profit":"0","profitPct":0.31,"status":"failed","error":"The method \"eth_getTransactionCount\" does not exist / is not available.","route":"openocean"}
{"time":"2026-08-01T09:28:04.966Z","pair":"USDG→VEX (openocean)→USDG (openocean)","tokenIn":"USDG","amountIn":"7.699007","profit":"0","profitPct":0.27,"status":"failed","error":"The method \"eth_getTransactionCount\" does not exist / is not available.","route":"openocean"}
{"time":"2026-08-01T09:32:53.994Z","pair":"USDG→VEX (openocean)→USDG (openocean)","tokenIn":"USDG","amountIn":"7.699007","profit":"0","profitPct":0.34,"status":"failed","error":"The method \"eth_getTransactionCount\" does not exist / is not available.","route":"openocean"}
{"time":"2026-08-01T09:34:21.409Z","pair":"USDG→VEX (openocean)→USDG (openocean)","tokenIn":"USDG","amountIn":"7.699007","profit":"0","profitPct":1.36,"status":"failed","error":"The method \"eth_getTransactionCount\" does not exist / is not available.","route":"openocean"}
{"time":"2026-08-01T09:36:34.042Z","pair":"USDG→VEX (openocean)→USDG (openocean)","tokenIn":"USDG","amountIn":"7.699007","profit":"0","profitPct":0.81,"status":"failed","error":"The method \"eth_getTransactionCount\" does not exist / is not available.","route":"openocean"}
{"time":"2026-08-01T10:48:19.323Z","pair":"USDG→FRONG (openocean)→USDG (openocean)","tokenIn":"USDG","amountIn":"7.699007","profit":"0","profitPct":0.67,"status":"failed","error":"leg 1 filled, leg 2 no longer clears the buffered gas cost after re-quote -- holding 3199.598053267234902823 FRONG","route":"openocean"}
{"time":"2026-08-01T11:57:47.629Z","pair":"USDG→PONS (openocean)→USDG (openocean)","tokenIn":"USDG","amountIn":"6.929107","profit":"0","profitPct":0.32,"status":"failed","error":"leg 1 filled, leg 2 no longer clears the buffered gas cost after re-quote -- holding 267.84010532079494359 PONS","route":"openocean"}
{"time":"2026-08-01T11:59:41.040Z","pair":"USDG→PONS (openocean)→USDG (openocean)","tokenIn":"USDG","amountIn":"6.236196","profit":"0","profitPct":0.31,"status":"failed","error":"leg 1 filled, leg 2 no longer clears the buffered gas cost after re-quote -- holding 241.93470800442761446 PONS","route":"openocean"}
{"time":"2026-08-01T13:01:55.069Z","pair":"USDG→CASHCAT (openocean)→USDG (openocean)","tokenIn":"USDG","amountIn":"5.612576","profit":"0","profitPct":0.46,"status":"failed","error":"leg 1 filled, leg 2 no longer clears the buffered gas cost after re-quote -- holding 137.619013828329751214 CASHCAT","route":"openocean"}
{"time":"2026-08-01T13:08:56.085Z","pair":"WETH→PONS (openocean)→WETH (openocean)","tokenIn":"WETH","amountIn":"0.005760341802230933","profit":"0","profitPct":0.18,"status":"failed","error":"Execution reverted with reason: Return amount is not enough.","route":"openocean"}
{"time":"2026-08-01T13:18:37.793Z","pair":"USDG→VEX (openocean)→USDG (openocean)","tokenIn":"USDG","amountIn":"5.051319","profit":"0","profitPct":0.38,"status":"failed","error":"leg 1 filled, leg 2 no longer clears the buffered gas cost after re-quote -- holding 1755.976620004154449113 VEX","route":"openocean"}
{"time":"2026-08-01T13:20:49.543Z","pair":"WETH→VEX (openocean)→WETH (openocean)","tokenIn":"WETH","amountIn":"0.005758397721893733","profit":"0","profitPct":0.26,"status":"failed","error":"leg 1 filled, leg 2 no longer clears the buffered gas cost after re-quote -- holding 3730.190855629912170603 VEX","route":"openocean"}
{"time":"2026-08-01T13:23:07.058Z","pair":"USDG→CASHCAT (openocean)→USDG (openocean)","tokenIn":"USDG","amountIn":"4.546187","profit":"0","profitPct":0.45,"status":"failed","error":"leg 1 filled, leg 2 no longer clears the buffered gas cost after re-quote -- holding 110.87591269924908846 CASHCAT","route":"openocean"}
{"time":"2026-08-01T14:27:16.825Z","pair":"USDG→CASHCAT (openocean)→USDG (openocean)","tokenIn":"USDG","amountIn":"4.091568","profit":"0","profitPct":0.67,"status":"failed","error":"leg 1 filled, leg 2 no longer clears the buffered gas cost after re-quote -- holding 98.169899958273365784 CASHCAT","route":"openocean"}
{"time":"2026-08-01T14:35:35.437Z","pair":"WETH→VEX (openocean)→WETH (openocean)","tokenIn":"WETH","amountIn":"0.00517198172388576","profit":"0","profitPct":0.35,"status":"failed","error":"leg 1 filled, leg 2 no longer clears the buffered gas cost after re-quote -- holding 3603.376122358044139291 VEX","route":"openocean"}
{"time":"2026-08-01T14:37:10.596Z","pair":"WETH→VEX (openocean)→WETH (openocean)","tokenIn":"WETH","amountIn":"0.004653254323128984","profit":"0","profitPct":0.28,"status":"failed","error":"leg 1 filled, leg 2 no longer clears the buffered gas cost after re-quote -- holding 3239.774700890141604698 VEX","route":"openocean"}
{"time":"2026-08-01T14:45:40.610Z","pair":"WETH→VEX (openocean)→WETH (openocean)","tokenIn":"WETH","amountIn":"0.004186345640940086","profit":"0","profitPct":0.37,"status":"failed","error":"Execution reverted with reason: Return amount is not enough.","route":"openocean"}
{"time":"2026-08-01T14:48:01.220Z","pair":"USDG→VEX (openocean)→USDG (openocean)","tokenIn":"USDG","amountIn":"3.682411","profit":"0","profitPct":1.25,"status":"failed","error":"Execution reverted with reason: Return amount is not enough.","route":"openocean"}
{"time":"2026-08-01T14:48:50.631Z","pair":"WETH→CASHCAT (openocean)→WETH (openocean)","tokenIn":"WETH","amountIn":"0.004184737363535486","profit":"0","profitPct":0.37,"status":"failed","error":"leg 1 filled, leg 2 no longer clears the buffered gas cost after re-quote -- holding 185.998826503827388498 CASHCAT","route":"openocean"}
{"time":"2026-08-01T14:49:40.404Z","pair":"USDG→PONS (openocean)→USDG (openocean)","tokenIn":"USDG","amountIn":"3.31417","profit":"0","profitPct":0.59,"status":"failed","error":"leg 1 filled, leg 2 no longer clears the buffered gas cost after re-quote -- holding 133.870257475203028311 PONS","route":"openocean"}
{"time":"2026-08-01T14:52:41.100Z","pair":"WETH→VEX (openocean)→WETH (openocean)","tokenIn":"WETH","amountIn":"0.003762462770595737","profit":"0","profitPct":0.29,"status":"failed","error":"Execution reverted with reason: Return amount is not enough.","route":"openocean"}
{"time":"2026-08-01T14:54:12.562Z","pair":"WETH→VEX (openocean)→WETH (openocean)","tokenIn":"WETH","amountIn":"0.003762273488746537","profit":"0","profitPct":0.29,"status":"failed","error":"Execution reverted with reason: Return amount is not enough.","route":"openocean"}
{"time":"2026-08-01T16:02:04.700Z","pair":"USDG→VEX (openocean)→USDG (openocean)","tokenIn":"USDG","amountIn":"2.982753","profit":"0","profitPct":0.88,"status":"failed","error":"Execution reverted with reason: Return amount is not enough.","route":"openocean"}
{"time":"2026-08-01T16:10:47.774Z","pair":"WETH→CASHCAT (openocean)→WETH (openocean)","tokenIn":"WETH","amountIn":"0.003761644840514845","profit":"0","profitPct":0.31,"status":"failed","error":"leg 1 filled, leg 2 no longer clears the buffered gas cost after re-quote -- holding 164.308779390383312541 CASHCAT","route":"openocean"}
{"time":"2026-08-01T16:41:21.099Z","pair":"USDG→FRONG (openocean)→USDG (openocean)","tokenIn":"USDG","amountIn":"2.982753","profit":"0","profitPct":0.98,"status":"failed","error":"leg 1 filled, leg 2 no longer clears the buffered gas cost after re-quote -- holding 1589.01642026037833744 FRONG","route":"openocean"}
{"time":"2026-08-01T16:42:09.435Z","pair":"WETH→VEX (openocean)→WETH (openocean)","tokenIn":"WETH","amountIn":"0.00337813422992616","profit":"0","profitPct":0.54,"status":"failed","error":"Execution reverted with reason: Return amount is not enough.","route":"openocean"}
{"time":"2026-08-01T16:44:44.359Z","pair":"WETH→VEX (openocean)→WETH (openocean)","tokenIn":"WETH","amountIn":"0.00337794454511116","profit":"0","profitPct":0.55,"status":"failed","error":"Execution reverted with reason: Return amount is not enough.","route":"openocean"}
{"time":"2026-08-01T16:47:07.553Z","pair":"WETH→VEX (openocean)→WETH (openocean)","tokenIn":"WETH","amountIn":"0.00337786975485636","profit":"0","profitPct":0.51,"status":"failed","error":"Execution reverted with reason: Return amount is not enough.","route":"openocean"}
{"time":"2026-08-01T16:49:44.741Z","pair":"WETH→VEX (openocean)→WETH (openocean)","tokenIn":"WETH","amountIn":"0.00337779698861636","profit":"0","profitPct":0.44,"status":"failed","error":"Execution reverted with reason: Return amount is not enough.","route":"openocean"}
{"time":"2026-08-01T16:51:15.532Z","pair":"WETH→VEX (openocean)→WETH (openocean)","tokenIn":"WETH","amountIn":"0.00337772405528136","profit":"0","profitPct":0.44,"status":"failed","error":"Execution reverted with reason: Return amount is not enough.","route":"openocean"}
{"time":"2026-08-01T17:04:06.822Z","pair":"WETH→VEX (openocean)→WETH (openocean)","tokenIn":"WETH","amountIn":"0.00337591640350656","profit":"0","profitPct":0.29,"status":"failed","error":"Execution reverted with reason: Return amount is not enough.","route":"openocean"}
